
> react-ecommerce-template@1.0.0 start
> react-scripts start

Starting the development server...

Compiled with warnings.

Warning
(2382:3) autoprefixer: Replace color-adjust to print-color-adjust. The color-adjust shorthand is currently deprecated.

[eslint] 
src\products\productFilters.js
  Line 1:1:  Unexpected Unicode BOM (Byte Order Mark)  unicode-bom

Search for the keywords to learn more about each warning.
To ignore, add // eslint-disable-next-line to the line before.

[1m[33mWARNING[39m[22m in [1m./src/bootstrap-custom.css[39m[22m (./node_modules/css-loader/dist/cjs.js??ruleSet[1].rules[1].oneOf[5].use[1]!./node_modules/postcss-loader/dist/cjs.js??ruleSet[1].rules[1].oneOf[5].use[2]!./node_modules/source-map-loader/dist/cjs.js!./src/bootstrap-custom.css)
[1mModule Warning (from ./node_modules/postcss-loader/dist/cjs.js):
Warning

(2382:3) autoprefixer: Replace color-adjust to print-color-adjust. The color-adjust shorthand is currently [1m[33mdeprecated[39m[22m[1m.[39m[22m

[1m[33mWARNING[39m[22m in [1m[eslint] 
src\products\productFilters.js
  Line 1:1:  [1m[31mUnexpected[39m[22m[1m Unicode BOM (Byte Order Mark)  unicode-bom

[39m[22m

webpack compiled with [1m[33m2 warnings[39m[22m
Compiled with warnings.

Warning
(2382:3) autoprefixer: Replace color-adjust to print-color-adjust. The color-adjust shorthand is currently deprecated.

[eslint] 
src\products\productFilters.js
  Line 1:1:  Unexpected Unicode BOM (Byte Order Mark)  unicode-bom

Search for the keywords to learn more about each warning.
To ignore, add // eslint-disable-next-line to the line before.

[1m[33mWARNING[39m[22m in [1m./src/bootstrap-custom.css[39m[22m (./node_modules/css-loader/dist/cjs.js??ruleSet[1].rules[1].oneOf[5].use[1]!./node_modules/postcss-loader/dist/cjs.js??ruleSet[1].rules[1].oneOf[5].use[2]!./node_modules/source-map-loader/dist/cjs.js!./src/bootstrap-custom.css)
[1mModule Warning (from ./node_modules/postcss-loader/dist/cjs.js):
Warning

(2382:3) autoprefixer: Replace color-adjust to print-color-adjust. The color-adjust shorthand is currently [1m[33mdeprecated[39m[22m[1m.[39m[22m

[1m[33mWARNING[39m[22m in [1m[eslint] 
src\products\productFilters.js
  Line 1:1:  [1m[31mUnexpected[39m[22m[1m Unicode BOM (Byte Order Mark)  unicode-bom

[39m[22m

webpack compiled with [1m[33m2 warnings[39m[22m
Compiled with warnings.

Warning
(2382:3) autoprefixer: Replace color-adjust to print-color-adjust. The color-adjust shorthand is currently deprecated.

[eslint] 
src\products\productFilters.js
  Line 1:1:  Unexpected Unicode BOM (Byte Order Mark)  unicode-bom

Search for the keywords to learn more about each warning.
To ignore, add // eslint-disable-next-line to the line before.

[1m[33mWARNING[39m[22m in [1m./src/bootstrap-custom.css[39m[22m (./node_modules/css-loader/dist/cjs.js??ruleSet[1].rules[1].oneOf[5].use[1]!./node_modules/postcss-loader/dist/cjs.js??ruleSet[1].rules[1].oneOf[5].use[2]!./node_modules/source-map-loader/dist/cjs.js!./src/bootstrap-custom.css)
[1mModule Warning (from ./node_modules/postcss-loader/dist/cjs.js):
Warning

(2382:3) autoprefixer: Replace color-adjust to print-color-adjust. The color-adjust shorthand is currently [1m[33mdeprecated[39m[22m[1m.[39m[22m

[1m[33mWARNING[39m[22m in [1m[eslint] 
src\products\productFilters.js
  Line 1:1:  [1m[31mUnexpected[39m[22m[1m Unicode BOM (Byte Order Mark)  unicode-bom

[39m[22m

webpack compiled with [1m[33m2 warnings[39m[22m
